[    00000] Intializing cgroup subsys cpuset
[    0.000000] Initializingcgro sbsyscp
[    0.000000] Initializincgrop ubsys cpuacct
[    0.000000] Linux version 4.4.0-112-gnec (buiddlg01-ad6-010 (gcc version 5.4.0 20160609 (Ubuntu 5.4.-6ubuntu1~1.04.5) ) #135-Ubuntu SMP Fri Jan 19 11:48:36 UTC 2018 (Ubuntu 4.4.0-112.135-generic 4.4.98
[    0.000000] Command line: BOOT_IMAGE=/boot/vmlinuz-4..0112-generic root=LAL=cloudimg-rootfs ro console=tty1 console=ttyS0
[    0.000000] KERNEL supported cpus:
[    0.000000]   IntelGenuneIntel
    0.00000]   AMD AuthenticAMD
[    0.000000]   Centaur CentaurHauls
[    0.000000] x86/fpu: state_offst[2]:  576, xstate_sizs[2]:  256
[    0.000000] x86/fpu: Supporting XSAVE feature 0x01: 'x87 floating point registers'
[    0.000000] x86/fpu: Supporting XSAVE feature 0x02: 'SSE registers'
[    0.000000] x86/fpu: Supporting XSAVE feature 0x04: 'AVX registers'
[    0.000000] x86/fpu: Enabed xstate featres 0x7, context size is 832 bytes, using 'standard' format.
[    0.000000] x86/fpu: Using 'lazy' FPU context switches.
[    0.000000] e820: BIOS-provided phyical RAM map:
[    0.000000] BIOS-e820: [mem 0x0000000000000000-0x000000000009fbff usable
[    0.000000] BIOS-e820: [mem 0x0000000000fc0-0x000000009ffff] reserved
[    0.000000] BIOS-e820: [mem 0x00000000000000-0x00000000000fffff] reserved
[  0.00000]BIS-820: [mem 0x0000000000100000-0x00000000fffff]usbl
[    0.000000] BIOS-e820: [mem 0x0000007fff00-x000000007fffffffACPI data
[    0000000BIS-e820: [mem 0x00000000fec00000-0x00000000fec00fff] reserved
[    0.000000] BS-e8: mem 0x0000ee00000x000000eefff]reerved[    0.0000 BIOS-82: [mem 0x00000000fffc0000-0x00000000ffffffff] reserve
   0.0000]NX (Execute Disable) protection: active
[    0.000000] SMBIOS 2.5 present.
[    0.000000] Hypervisor detected: KVM
[    0.000000] e820: last_pfn = 0x7fff0 max_arch_pfn = 0x400000000
[    0.000000] MTRR: Disabled
[    0.000000] x86/PAT: MTRRs disabled, skipping PAT initialization too.
[   00000]PU MTRRs all blank - vtulized sytem
[   0.0000] x86/AT: Configuration [-7: WB T UC- C  WB  WT  UC- UC  [   0.0000] found SM MP-table at [mem 0x009fff0-0x0009ffff] mapped at [ffff88000009fff0]
[    0.000000] Scanning 1 areas for low memory corruption
[    0.000000] RAMDISK: [mem 0x36adc000-0x37565fff]
[    0.000000] ACPI: Early table checksumveification disabled
[    0.000000] ACPI: RSDP 0x00000000000E0000 0024 (v02 VBOX  )
[   .00000] ACPI: XSDT 0x000000007FFF0030 00003C (v01 VBOX  BOXXSD000001 ASL  00000061)
[    0.000000] ACPI: FACP 0x0000000FFF00F 000F4 (v04 VBOX   VBOXFACP 00000001 ASL  00000061)
[    0.000000] ACPI: DSDT 0x000000007FFF0470 0021FF (v02 VBOX   VBOXBIOS 00000002 INTL 20100528)
[    0.000000] ACPI: FACS 0x000000007FFF0200 000040
[    0.000000] ACPI: FACS 0x000000007FFF0200 000040
[    0.000000] ACPI: APIC 0x000000007FFF0240 00005C (v02 VBOX   VBOXAPIC 00000001 ASL  00000061)
[    0.000000] ACP: SDT 0x000000007FFF02A0 001CC (v01 VBOX   BOCPUT 00000002 INTL 20100528)
[    0000000] No NUMA configuration found
[    0.000000] Faking a node at [mem 0x0000000000000000-0x000000007feffff]
[    0.000000] NODE_DATA(0) allocate [em0x7ffeb000-0x7ffeffff]
[    0.000000] kvm-clock: Using msrs 4b564d01 and 4b564d00
[    0.000000] kvm-clok:cp 0, sr0:ffe301 pimary cpuclck
[    0.000000] kvm-clock: using sched offset of 399498331 cycles
[    0.000000] clocksoure: kvmclck: mask: 0xfffffffffffff max_cycles: 0x1cd42e4dffb, max_idle_ns: 881590591483 ns
[    0.000000] Zone ranges:
[    0.000000]   DA      [mem 0x0000000000001000-0x0000000000fffff]
[  0.000]   DMA32    me 0000000100000x000000007ffeffff]
[    0.000000]   Normal   empty
[    0.000000]   Device  empty
[    0.000000] Movable zone start for each node
[    0.000000] Early memory node ranges
[    0.000000]   node   0: [mem 0x0000000000001000-0x000000000009efff]
[    0.000000]  node   0: [mem 000000000001000-0x0000007ffeffff]
[    0.000000] Initmem setup node 0 [mem 0x0000000000001000-0x000000007ffeffff]
[    0.000000] ACPI: PM-Timer IO Port: 0x4008
[    0.000000] IOAPIC[0]: apic_id 2, version 32, address 0xfec00000, GSI 0-23
[    0.000000] ACPI: INT_SRC_OVR (bus 0 bus_irq 0 global_irq 2 dfl dfl)
[    0.000000] ACPI: INT_SRC_OVR (bus 0 bus_irq 9 global_irq 9 low level)
[    0.000000] Using ACPI (MADT) for SMP configuration information
[    0.000000] smpboot: Allowing 2 CPUs, 0 hotplug CPUs
[    0.000000] PM: Registered nosave memory: [mem 0x00000000-00000fff]
[    0.000000] PM: Registered nosave memory: [mem 0x0009f000-0x0009ffff]
[    0.000000] PM: Registerd noave memory: [mem 0x000a0000-0x000effff]
[    0.000000] PM: Registered nosave memory: [mem 0x000f0000-0x000fffff]
[    0.000000] e820: [mem 0x80000000-0xfebfffff] available for PCI devices
[    0.000000] Booting paravirtualized kernel on KVM
[    0.000000] clocksource: refined-jiffies: mask: 0xffffffff max_cycles: 0xffffff, max_idle_ns: 76455196021568 ns
[   0.000000] setup_percpu: NR_CPUS:512 nr_cpumask_bits:512 nrcp_is:2 nr_node_ids:1
[    0.0000] PERCPU: Embedded 34 pages/cpu @ffff88007fc00000 s99544 r8192 d31528 u1048576
[    0.000000] PV qspinlock hash bl entries: 256 (order: 0,4096byes)
[  000000]uilt1 zonlits inNo order, mobility groupin o. Total pages: 515961
[    0.000000] Policy zone: DMA32
[    0.000000] Kernel command line: BOOT_IMAGE=/boot/vmlinuz-4.4.0-112-generic root=LABL=cloudimgrotfs ro console=tty1 console=ttyS0
[    0.000000] PID hash table entries: 4096 (order: 3, 32768 bytes)
[    0.000000] Memory: 2033932K/2096696K available (8499K kernel code, 1309K rwdata, 3988K rodata, 1508K init, 1316K bss, 62764K reserved, 0K cma-reserved)
[    0.000000] SLUB: HWalign=64, Order=0-3, MinObjects=0, CPUs=2, Nodes=1
[    0.000000] Kernel/User page tables isoltin:enable
[    0.000000] Hierarchical RCU implementaon.
[    0.000000] 	Build-time adjustment of leaf fanout to 64.
[    0.000000] 	RCU restricting CPUs from NR_CPUS=512 t nr_cpu_is=2.
[    0.000000] RCU: Adjusting geometry for rcufaou_leaf=64, nr_cpu_ids=2
[    0.000000] NR_IRQS:33024 nr_irqs:440 16
[    0.000000] Console: colour VGA+ 80x25
[    0.000000] console [tty1] enabled
[    0.000000] console [ttyS0] enabled
[    0.000000] tsc: Detected 2712.000 MHz processor
[    5.902174] Calibrating delay loop (skipped) preset value.. 55424.00 BogoMIPS (lpj=10848000)
[    5.910388] pid_max: default: 32768 minimum: 301
[    5.925010] ACPI: Core revision 20150930
[    5.936855] ACPI: 2 ACPI AML tables successfully acquired and loaded
[    5.949980] Security Framework initialized
[    5.951006] Yama: becoming mindful.
[    5.951925] AppArmor: AppArmor initialized
[    5.954297] Dentry cache hash table entries: 262144 (order: 9, 2097152 bytes)
[    6.003729] Inode-cache hash table entries: 131072 (order: 8, 1048576 bytes)
[    6.063943] Mount-cache hash table entries: 4096 (order: 3, 32768 bytes)
[    6.086355] Mountpoint-cache hash table entries: 4096 (order: 3, 32768 bytes)
[    6.088080] Initializing cgroup subsys io
[    6.115308] Initializing cgroup subsys memory
[    6.134499] Initializing cgroup subsys devices
[    6.149564] Initializing cgroup subsys freezer
[    6.177663] Initializing cgroup subsys net_cls
[    6.210161] Initializing cgroup subsys perf_event
[    6.215325] Initializing cgroup subsys net_prio
[    6.218378] Initializing cgroup subsys hugetlb
[    6.219592] Initializing cgroup subsys pids
[    6.220744] CPU: Physical Processor ID: 0
[    6.223392] CPU: Processor Core ID: 0
[    6.239279] FEATURE SPEC_CTRL Not Present
[    6.314793] mce: CPU supports 0 MCE banks
[    6.330090] Last level iTLB entries: 4KB 64, 2MB 8, 4MB 8
[    6.331835] Last level dTLB entries: 4KB 64, 2MB 0, 4MB 0, 1GB 4
[    6.368314] Freeing SMP alternatives memory: 32K
[    6.403981] ftrace: allocating 32180 entries in 126 pages
[    6.532150] smpboot: APIC(0) Converting physical 0 to logical package 0
[    6.540660] smpboot: Max logical packages: 1
[    6.542640] x2apic enabled
[    6.546653] Switched APIC routing to physical x2apic.
[    6.558158] ..TIMER: vector=0x30 apic1=0 pin1=2 apic2=-1 pin2=-1
[    6.668454] smpboot: CPU0: Intel(R) Core(TM) i5-7200U CPU @ 2.50GHz (family: 0x6, model: 0x8e, stepping: 0x9)
[    6.785162] Performance Events: unsupported p6 CPU model 142 no PMU driver, software events only.
[    6.853532] KVM setup paravirtual spinlock
[    6.868714] x86: Booting SMP configuration:
[    6.889683] .... node  #0, CPUs:      #1
[    6.893777] kvm-clock: cpu 1, msr 0:7ffe3041, secondary cpu clock
[    6.921830] mce: CPU supports 0 MCE banks
[    6.925140] x86: Booted up 1 node, 2 CPUs
[    6.926719] smpboot: Total of 2 processors activated (10848.00 BogoMIPS)
[    6.939840] devtmpfs: initialized
[    6.966252] evm: security.selinux
[    6.975475] evm: security.SMACK64
[    6.976429] evm: security.SMACK64EXEC
[    6.977407] evm: security.SMACK64TRANSMUTE
[    6.999810] evm: security.SMACK64MMAP
[    7.010789] evm: security.ima
[    7.011610] evm: security.capability
[    7.013009] clocksource: jiffies: mask: 0xffffffff max_cycles: 0xffffffff, max_idle_ns: 7645041785100000 ns
[    7.066024] futex hash table entries: 512 (order: 3, 32768 bytes)
[    7.083259] pinctrl core: initialized pinctrl subsystem
[    7.123337] RTC time: 17:30:35, date: 04/25/18
[    7.162210] NET: Registered protocol family 16
[    7.193831] cpuidle: using governor ladder
[    7.208917] cpuidle: using governor menu
[    7.210611] PCCT header not found.
[    7.216577] ACPI: bus type PCI registered
[    7.223616] acpiphp: ACPI Hot Plug PCI Controller Driver version: 0.5
[    7.225548] PCI: Using configuration type 1 for base access
[    7.258154] ACPI: Added _OSI(Module Device)
[    7.266646] ACPI: Added _OSI(Processor Device)
[    7.278055] ACPI: Added _OSI(3.0 _SCP Extensions)
[    7.281412] ACPI: Added _OSI(Processor Aggregator Device)
[    7.284506] ACPI: Executed 1 blocks of module-level executable AML code
[    7.301175] ACPI: Interpreter enabled
[    7.310005] ACPI: (supports S0 S5)
[    7.323704] ACPI: Using IOAPIC for interrupt routing
[    7.346886] PCI: Using host bridge windows from ACPI; if necessary, use "pci=nocrs" and report a bug
[    7.364239] ACPI: PCI Root Bridge [PCI0] (domain 0000 [bus 00-ff])
[    7.387419] acpi PNP0A03:00: _OSC: OS supports [ASPM ClockPM Segments MSI]
[    7.414357] acpi PNP0A03:00: _OSC: not requesting OS control; OS requires [ExtendedConfig ASPM ClockPM MSI]
[    7.440293] acpi PNP0A03:00: fail to add MMCONFIG information, can't access extended PCI configuration space under this bridge.
[    7.458864] PCI host bridge to bus 0000:00
[    7.474156] pci_bus 0000:00: root bus resource [io  0x0000-0x0cf7 window]
[    7.483953] pci_bus 0000:00: root bus resource [io  0x0d00-0xffff window]
[    7.487690] pci_bus 0000:00: root bus resource [mem 0x000a0000-0x000bffff window]
[    7.492240] pci_bus 0000:00: root bus resource [mem 0x80000000-0xfdffffff window]
[    7.510412] pci_bus 0000:00: root bus resource [bus 00-ff]
[    7.515116] pci 0000:00:01.1: legacy IDE quirk: reg 0x10: [io  0x01f0-0x01f7]
[    7.524533] pci 0000:00:01.1: legacy IDE quirk: reg 0x14: [io  0x03f6]
[    7.533724] pci 0000:00:01.1: legacy IDE quirk: reg 0x18: [io  0x0170-0x0177]
[    7.548784] pci 0000:00:01.1: legacy IDE quirk: reg 0x1c: [io  0x0376]
[    7.624649] pci 0000:00:07.0: quirk: [io  0x4000-0x403f] claimed by PIIX4 ACPI
[    7.671109] pci 0000:00:07.0: quirk: [io  0x4100-0x410f] claimed by PIIX4 SMB
[    7.709572] ACPI: PCI Interrupt Link [LNKA] (IRQs 5 9 10 *11)
[    7.731079] ACPI: PCI Interrupt Link [LNKB] (IRQs 5 9 *10 11)
[    7.741443] ACPI: PCI Interrupt Link [LNKC] (IRQs 5 *9 10 11)
[    7.749997] ACPI: PCI Interrupt Link [LNKD] (IRQs 5 9 10 *11)
[    7.754423] ACPI: Enabled 2 GPEs in block 00 to 07
[    7.780781] vgaarb: setting as boot device: PCI:0000:00:02.0
[    7.782825] vgaarb: device added: PCI:0000:00:02.0,decodes=io+mem,owns=io+mem,locks=none
[    7.785242] vgaarb: loaded
[    7.793017] vgaarb: bridge control possible 0000:00:02.0
[    7.804271] SCSI subsystem initialized
[    7.807107] ACPI: bus type USB registered
[    7.814787] usbcore: registered new interface driver usbfs
[    7.820530] usbcore: registered new interface driver hub
[    7.851167] usbcore: registered new device driver usb
[    7.853287] PCI: Using ACPI for IRQ routing
[    7.867088] NetLabel: Initializing
[    7.891020] NetLabel:  domain hash size = 128
[    7.893367] NetLabel:  protocols = UNLABELED CIPSOv4
[    7.910700] NetLabel:  unlabeled traffic allowed by default
[    7.935963] amd_nb: Cannot enumerate AMD northbridges
[    7.959556] clocksource: Switched to clocksource kvm-clock
[    7.977222] AppArmor: AppArmor Filesystem Enabled
[   .979065] pnp: PnP ACPI init
[   042210] pnp: PnP ACPI: found 3 devices

[  81352 clocksource: acpi_pm: mas: 0xffffff max_cycle: 0xffffff, max_idle_ns: 2087024ns
[   8.51419] NET: Registered protocol famly

[    8.658280] TCP establishedhash table entries:  1634 orer 51372yts)
[    9.059486] TCP bind hash table entries: 16384 (order: 6, 262144 bytes)
[    9.06129]TCP Hash tables configured (stblshd 38 bd 16384)
[  94102] DP hash table enries: 1024 (order: 3, 32768 bytes)
[   .619433] UDP-Lite hash table entries: 1024 (order: 3, 32768 byte)[   97490] T:Reiserd protocol family 1
[   10.090442] pci 0000:00:00.0: Limiting direct PCI/PCI transfers
[  10.092098] pci 0000:00:01.0: Activating ISA DMA hang workarounds
[   10.12592] Unpacking iitramfs...

[   2.973115] Freeing initrd memory: 10792K
[   13.010466] platform rtc_cmos: registered platform RTC device (no PNP device found)
[  1.0298]Scnnngorlow memory corruptionevry60 seconds

[   13.425111] audit: initializing netlink subsys (disabled)
[   13.456311] audit: type=2000 audit(1524677439.389:1): initialized
[   13.491053] Initialise system trusted keyring
[   13.516553] HugeTLB registered 2 MB page size, pre-allocated 0 pages
[   13.544022] zbud: loaded
[   1345837] VFS: Disk quotas dquot_6.6.0
[   13.609150] VFS: Dquot-cache hash table entries: 512 (order 0, 4096 byte)
[   13.692198] squashfs: version 4.0 (2009/01/31) Phillip Lougher
[  1700718] fusini (PIerion 7.23)
[  10016ts: efedTSclksrccabrtin:2712.090 MHz
[   14.691935] clocksource: tsc: mask: 0xffffffffffffffff max_cycles: 0x2717db405c8, max_idle_ns: 440795236748 ns
[   14.692262] Key type big_key regiteed
[   14.692301] Allocating IMA MOK and blacklist keyrings.
[   14.692780] Key type asymmetric registered
[   14.692783] Asymmetric key parser 'x509' registered
[   14.692860] Block layer SCSI generic (bsg) driver version 0.4 loaded (major 249)
[   14.692907] io scheduler noop registered
[   14.692910] io scheduler deadline registered (default)
[   14.692966] io scheduler cfq registered
[   14.693137] pci_hotplug: PCI Hot Plug PCI Core version: 0.5
[   14.693147] pciehp: PCI Express Hot Plug Controller Driver version: 0.4
[   14.693393] ACPI: AC Adapter [AC] (on-line)
[   14.693487] input: Power Button as /devices/LNXSYSTM:00/LNXPWRBN:00/input/input0
[   14.693492] ACPI: Power Button [PWRF]
[   14.693627] input: Sleep Button as /devices/LNXSYSTM:00/LNXSLPBN:00/input/input1
[   14.693631] ACPI: Sleep Button [SLPF]
[   14.693916] GHES: HEST is not enabled!
[   14.695688] ACPI: Battery Slot [BAT0] (battery present)
[   14.695760] Serial: 8250/16550 driver, 32 ports, IRQ sharing enabled
[   14.720188] 00:02: ttyS0 at I/O 0x3f8 (irq = 4, base_baud = 115200) is a 16550A
[   14.847296] Linux agpgart interface v0.103
[   14.854195] loop: module loaded
[   14.854779] scsi host0: ata_piix
[   14.854839] scsi host1: ata_piix
[   14.854871] ata1: PATA max UDMA/33 cmd 0x1f0 ctl 0x3f6 bmdma 0xd000 irq 14
[   14.854871] ata2: PATA max UDMA/33 cmd 0x170 ctl 0x376 bmdma 0xd008 irq 15
[   14.854940] libphy: Fixed MDIO Bus: probed
[   14.854942] tun: Universal TUN/TAP device driver, 1.6
[   14.854942] tun: (C) 1999-2004 Max Krasnyansky <maxk@qualcomm.com>
[   14.855241] PPP generic driver version 2.4.2
[   14.855324] ehci_hcd: USB 2.0 'Enhanced' Host Controller (EHCI) Driver
[   14.855328] ehci-pci: EHCI PCI platform driver
[   14.855339] ehci-platform: EHCI generic platform driver
[   14.855347] ohci_hcd: USB 1.1 'Open' Host Controller (OHCI) Driver
[   14.855351] ohci-pci: OHCI PCI platform driver
[   14.855360] ohci-platform: OHCI generic platform driver
[   14.855368] uhci_hcd: USB Universal Host Controller Interface driver
[   14.855425] i8042: PNP: PS/2 Controller [PNP0303:PS2K,PNP0f03:PS2M] at 0x60,0x64 irq 1,12
[   14.867133] serio: i8042 KBD port at 0x60,0x64 irq 1
[   14.867141] serio: i8042 AUX port at 0x60,0x64 irq 12
[   14.867354] mousedev: PS/2 mouse device common for all mice
[   14.867863] rtc_cmos rtc_cmos: rtc core: registered rtc_cmos as rtc0
[   14.867945] rtc_cmos rtc_cmos: alarms up to one day, 114 bytes nvram
[   14.867955] i2c /dev entries driver
[   14.868016] device-mapper: uevent: version 1.0.3
[   14.868081] device-mapper: ioctl: 4.34.0-ioctl (2015-10-28) initialised: dm-devel@redhat.com
[   14.868100] ledtrig-cpu: registered to indicate activity on CPUs
[   14.868504] NET: Registered protocol family 10
[   14.868696] NET: Registered protocol family 17
[   14.868713] Key type dns_resolver registered
[   14.874117] microcode: CPU0 sig=0x806e9, pf=0x2, revision=0x0
[   14.874133] microcode: CPU1 sig=0x806e9, pf=0x2, revision=0x0
[   14.874217] microcode: Microcode Update Driver: v2.01 <tigran@aivazian.fsnet.co.uk>, Peter Oruba
[   14.874352] registered taskstats version 1
[   14.874364] Loading compiled-in X.509 certificates
[   14.874962] Loaded X.509 cert 'Build time autogenerated kernel key: 4c603087bab8f0a02cb3b4e1fb4c40f507e71ef1'
[   14.874983] zswap: loaded using pool lzo/zbud
[   14.876867] Key type trusted registered
[   14.880189] Key type encrypted registered
[   14.880196] AppArmor: AppArmor sha1 policy hashing enabled
[   14.880199] ima: No TPM chip found, activating TPM-bypass!
[   14.880221] evm: HMAC attrs: 0x1
[   14.880551]   Magic number: 14:148:543
[   14.887998] rtc_cmos rtc_cmos: setting system clock to 2018-04-25 17:30:43 UTC (1524677443)
[   14.888134] BIOS EDD facility v0.16 2004-Jun-25, 0 devices found
[   14.888135] EDD information not available.
[   14.923326] input: AT Translated Set 2 keyboard as /devices/platform/i8042/serio0/input/input2
[   15.899049] Freeing unused kernel memory: 1508K
[   15.910568] Write protecting the kernel read-only data: 14336k
[   15.912331] Freeing unused kernel memory: 1728K
[   15.916028] Freeing unused kernel memory: 108K
Loading, please wait...
starting version[   15.935041] random: systemd-udevd: uninitialized urandom read (16 bytes read, 7 bits of entropy available)
 229
[   15.935523] random: udevadm: uninitialized urandom read (16 bytes read, 7 bits of entropy available)
[   15.935547] random: udevadm: uninitialized urandom read (16 bytes read, 7 bits of entropy available)
[   15.950603] random: udevadm: uninitialized urandom read (16 bytes read, 7 bits of entropy available)
[   15.950653] random: udevadm: uninitialized urandom read (16 bytes read, 7 bits of entropy available)
[   15.950846] random: udevadm: uninitialized urandom read (16 bytes read, 7 bits of entropy available)
[   15.950912] random: udevadm: uninitialized urandom read (16 bytes read, 7 bits of entropy available)
[   15.950976] random: udevadm: uninitialized urandom read (16 bytes read, 7 bits of entropy available)
[   15.951042] random: udevadm: uninitialized urandom read (16 bytes read, 7 bits of entropy available)
[   15.951107] random: udevadm: uninitialized urandom read (16 bytes read, 7 bits of entropy available)
[   16.414664] e1000: Intel(R) PRO/1000 Network Driver - version 7.3.21-k8-NAPI
[   16.428448] e1000: Copyright (c) 1999-2006 Intel Corporation.
[   16.457927] Fusion MPT base driver 3.04.20
[   16.462236] Copyright (c) 1999-2008 LSI Corporation
[   16.485301] Fusion MPT SPI Host driver 3.04.20
[   16.508901] AVX2 version of gcm_enc/dec engaged.
[   16.520837] AES CTR mode by8 optimization enabled
[   16.658236] input: ImExPS/2 Generic Explorer Mouse as /devices/platform/i8042/serio1/input/input4
[   16.877509] e1000 0000:00:03.0 eth0: (PCI:33MHz:32-bit) 02:69:07:7b:a1:bd
[   16.896246] e1000 0000:00:03.0 eth0: Intel(R) PRO/1000 Network Connection
[   17.285348] e1000 0000:00:08.0 eth1: (PCI:33MHz:32-bit) 08:00:27:46:fb:32
[   17.349887] e1000 0000:00:08.0 eth1: Intel(R) PRO/1000 Network Connection
[   17.418092] e1000 0000:00:03.0 enp0s3: renamed from eth0
[   17.440240] mptbase: ioc0: Initiating bringup
[   17.507855] e1000 0000:00:08.0 enp0s8: renamed from eth1
[   17.560388] ioc0: LSI53C1030 A0: Capabilities={Initiator}
[   17.946913] scsi host2: ioc0: LSI53C1030 A0, FwRev=00000000h, Ports=1, MaxQ=256, IRQ=20
[   18.732891] scsi 2:0:0:0: Direct-Access     VBOX     HARDDISK         1.0  PQ: 0 ANSI: 5
[   18.800677] scsi target2:0:0: Beginning Domain Validation
[   18.845550] scsi target2:0:0: Domain Validation skipping write tests
[   19.455915] floppy0: no floppy controllers found
[   19.525558] scsi target2:0:0: Ending Domain Validation
[   19.548133] scsi target2:0:0: asynchronous
[   19.557500] scsi 2:0:1:0: Direct-Access     VBOX     HARDDISK         1.0  PQ: 0 ANSI: 5
[   19.626644] scsi target2:0:1: Beginning Domain Validation
[   19.678304] scsi target2:0:1: Domain Validation skipping write tests
[   19.721779] scsi target2:0:1: Ending Domain Validation
[   19.723322] scsi target2:0:1: asynchronous
[   19.752311] sd 2:0:0:0: Attached scsi generic sg0 type 0
[   19.769221] sd 2:0:0:0: [sda] 20971520 512-byte logical blocks: (10.7 GB/10.0 GiB)
[   19.834135] sd 2:0:1:0: [sdb] 20480 512-byte logical blocks: (10.5 MB/10.0 MiB)
[   19.888726] sd 2:0:1:0: Attached scsi generic sg1 type 0
[   19.905802] sd 2:0:0:0: [sda] Write Protect is off
[   19.961860] sd 2:0:1:0: [sdb] Write Protect is off
[   20.045531] sd 2:0:0:0: [sda] Incomplete mode parameter data
[   20.104840] sd 2:0:0:0: [sda] Assuming drive cache: write through
[   20.104979] sd 2:0:1:0: [sdb] Incomplete mode parameter data
[   20.104980] sd 2:0:1:0: [sdb] Assuming drive cache: write through
[   20.115342] sd 2:0:1:0: [sdb] Attached SCSI disk
[   20.163060]  sda: sda1
[   20.180003] sd 2:0:0:0: [sda] Attached SCSI disk
Begin: Loading e[   21.729997] md: linear personality registered for level -1
ssential drivers ... [   21.754578] md: multipath personality registered for level -4
[   21.786698] md: raid0 personality registered for level 0
[   21.800887] md: raid1 personality registered for level 1
[   21.879971] raid6: sse2x1   gen()  7994 MB/s
[   21.959692] raid6: sse2x1   xor()  5982 MB/s
[   22.028021] raid6: sse2x2   gen() 11153 MB/s
[   22.108897] raid6: sse2x2   xor()  6505 MB/s
[   22.183685] raid6: sse2x4   gen()  6911 MB/s
[   22.255885] raid6: sse2x4   xor()  6264 MB/s
[   22.327610] raid6: avx2x1   gen() 14167 MB/s
[   22.403614] raid6: avx2x2   gen() 14625 MB/s
[   22.471982] raid6: avx2x4   gen() 11215 MB/s
[   22.483614] raid6: using algorithm avx2x2 gen() 14625 MB/s
[   22.487251] raid6: using avx2x2 recovery algorithm
[   22.497100] xor: automatically using best checksumming function:
[   22.539675]    avx       : 18293.000 MB/sec
[   22.552004] async_tx: api initialized (async)
[   22.598649] md: raid6 personality registered for level 6
[   22.618643] md: raid5 personality registered for level 5
[   22.621539] md: raid4 personality registered for level 4
[   22.646147] md: raid10 personality registered for level 10
done.
Begin: Running /scripts/init-premount ... done.
Begin: Mounting root file system ... Begin: Running /scripts/local-top ... don[   22.716401] Btrfs loaded
e.
Begin: Running /scripts/local-premount ... Scanning for Btrf[   22.787022] EXT4-fs (sda1): mounted filesystem with ordered data mode. Opts: (null)
s filesystems
done.
Warning: fsck not present, so skipping root file system
done.
Begin: Running /scripts/local-bottom ... done.
Begin: Running /scripts/init-bottom ... done.
[   22.968162] systemd[1]: systemd 229 running in system mode. (+PAM +AUDIT +SELINUX +IMA +APPARMOR +SMACK +SYSVINIT +UTMP +LIBCRYPTSETUP +GCRYPT +GNUTLS +ACL +XZ -LZ4 +SECCOMP +BLKID +ELFUTILS +KMOD -IDN)
[   22.985328] systemd[1]: Detected virtualization oracle.
[   22.991381] systemd[1]: Detected architecture x86-64.

Welcome to [1mUbuntu 16.04.3 LTS[0m!

[   23.027211] systemd[1]: Set hostname to <ubuntu>.
[   23.030894] systemd[1]: Initializing machine ID from random generator.
[   23.036183] systemd[1]: Installed transient /etc/machine-id file.
[   23.236173] systemd[1]: Started Forward Password Requests to Wall Directory Watch.
[[0;32m  OK  [0m] Started Forward Password Requests to Wall Directory Watch.
[   23.249764] systemd[1]: Started Trigger resolvconf update for networkd DNS.
[[0;32m  OK  [0m] Started Trigger resolvconf update for networkd DNS.
[   23.263960] systemd[1]: Listening on udev Control Socket.
[[0;32m  OK  [0m] Listening on udev Control Socket.
[   23.287330] systemd[1]: Reached target Encrypted Volumes.
[[0;32m  OK  [0m] Reached target Encrypted Volumes.
[   23.297523] systemd[1]: Reached target User and Group Name Lookups.
[[0;32m  OK  [0m] Reached target User and Group Name Lookups.
[   23.353564] systemd[1]: Listening on LVM2 metadata daemon socket.
[[0;32m  OK  [0m] Listening on LVM2 metadata daemon socket.
[   23.464266] systemd[1]: Listening on udev Kernel Socket.
[[0;32m  OK  [0m] Listening on udev Kernel Socket.
[   23.518712] systemd[1]: Created slice User and Session Slice.
[[0;32m  OK  [0m] Created slice User and Session Slice.
[   23.532348] systemd[1]: Listening on Journal Socket (/dev/log).
[[0;32m  OK  [0m] Listening on Journal Socket (/dev/log).
[   23.547274] systemd[1]: Listening on /dev/initctl Compatibility Named Pipe.
[[0;32m  OK  [0m] Listening on /dev/initctl Compatibility Named Pipe.
[   23.616199] systemd[1]: Listening on Syslog Socket.
[[0;32m  OK  [0m] Listening on Syslog Socket.
[   23.648099] systemd[1]: Reached target Swap.
[[0;32m  OK  [0m] Reached target Swap.
[   23.676956] systemd[1]: Listening on LVM2 poll daemon socket.
[[0;32m  OK  [0m] Listening on LVM2 poll daemon socket.
[   23.708319] systemd[1]: Created slice System Slice.
[[0;32m  OK  [0m] Created slice System Slice.
[   23.728682] systemd[1]: Reached target Slices.
[[0;32m  OK  [0m] Reached target Slices.
[   23.748504] systemd[1]: Created slice system-serial\x2dgetty.slice.
[[0;32m  OK  [0m] Created slice system-serial\x2dgetty.slice.
[   23.772065] systemd[1]: Listening on Device-mapper event daemon FIFOs.
[[0;32m  OK  [0m] Listening on Device-mapper event daemon FIFOs.
[   23.783316] systemd[1]: Listening on Journal Audit Socket.
[[0;32m  OK  [0m] Listening on Journal Audit Socket.
[   23.814503] systemd[1]: Set up automount Arbitrary Executable File Formats File System Automount Point.
[[0;32m  OK  [0m] Set up automount Arbitrary Executab...ats File System Automount Point.
[   23.860299] systemd[1]: Listening on Journal Socket.
[[0;32m  OK  [0m] Listening on Journal Socket.
[   23.932514] systemd[1]: Starting Create list of required static device nodes for the current kernel...
         Starting Create list of required st... nodes for the current kernel...
[   24.064529] systemd[1]: Starting Uncomplicated firewall...
[   24.065271] random: nonblocking pool is initialized
         Starting Uncomplicated firewall...
[   24.131707] systemd[1]: Mounting POSIX Message Queue File System...
         Mounting POSIX Message Queue File System...
[   24.200319] systemd[1]: Mounting Debug File System...
         Mounting Debug File System...
[   24.312048] systemd[1]: Starting Remount Root and Kernel File Systems...
[   24.317048] EXT4-fs (sda1): re-mounted. Opts: (null)
         Starting Remount Root and Kernel File Systems...
[   24.411882] systemd[1]: Starting Set console keymap...
         Starting Set console keymap...
[   24.431579] systemd[1]: Starting Nameserver information manager...
         Starting Nameserver information manager...
[   24.468027] systemd[1]: Starting Load Kernel Modules...
         Starting Load Kernel Modules...
[   24.514459] systemd[1]: Starting Journal Service...
[   24.524603] Loading iSCSI transport class v2.0-870.
         Starting Journal Service...
[   24.555720] systemd[1]: Starting Monitoring of LVM2 mirrors, snapshots etc. using dmeventd or progress polling...
[   24.564848] iscsi: registered transport (tcp)
         Starting Monitoring of LVM2 mirrors... dmeventd or progress polling...
[   24.585814] systemd[1]: Mounting Huge Pages File System...
         [   24.599567] iscsi: registered transport (iser)
Mounting Huge Pages File System...
[   24.613002] systemd[1]: Mounted Debug File System.
[[0;32m  OK  [0m] Mounted Debug File System.
[   24.635514] systemd[1]: Mounted Huge Pages File System.
[[0;32m  OK  [0m] Mounted Huge Pages File System.
[   24.658029] systemd[1]: Mounted POSIX Message Queue File System.
[[0;32m  OK  [0m] Mounted POSIX Message Queue File System.
[   24.679911] systemd[1]: Started Journal Service.
[[0;32m  OK  [0m] Started Journal Service.
[[0;32m  OK  [0m] Started Create list of required sta...ce nodes for the current kernel.
[[0;32m  OK  [0m] Started Uncomplicated firewall.
[[0;32m  OK  [0m] Started Remount Root and Kernel File Systems.
[[0;32m  OK  [0m] Started Set console keymap.
[[0;32m  OK  [0m] Started Load Kernel Modules.
[[0;32m  OK  [0m] Started Nameserver information manager.
[[0;32m  OK  [0m] Started LVM2 metadata daemon.
         Mounting FUSE Control File System...
         Starting Apply Kernel Variables...
         Starting udev Coldplug all Devices...
         Starting Initial cloud-init job (pre-networking)...
         Starting Load/Save Random Seed...
         Starting Create Static Device Nodes in /dev...
         Starting Flush Journal to Persistent Storage...
[[0;32m  OK  [0m] Mounted FUSE Control File System.
[[0;32m  OK  [0m] Started Apply Kernel Variables.
[[0;32m  OK  [0m] Started Load/Save Random Seed.
[[0;32m  OK  [0m] Started Create Static Device Nodes in /dev.
[[0;32m  OK  [0m] Started udev Coldplug all Devices.
[[0;32m  OK  [0m] Started Flush Journal to Persistent Storage.
         Starting udev Kernel Device Manager...
[[0;32m  OK  [0m] Started udev Kernel Device Manager.
[[0;32m  OK  [0m] Started Dispatch Password Requests to Console Directory Watch.
[[0;32m  OK  [0m] Started Monitoring of LVM2 mirrors,...ng dmeventd or progress polling.
[[0;32m  OK  [0m] Reached target Local File Systems (Pre).
[[0;32m  OK  [0m] Reached target Local File Systems.
         Starting LSB: AppArmor initialization...
         Starting Tell Plymouth To Write Out Runtime Data...
         Starting Create Volatile Files and Directories...
         Starting Commit a transient machine-id on disk...
         Starting Set console font and keymap...
[[0;32m  OK  [0m] Started Tell Plymouth To Write Out Runtime Data.
[[0;32m  OK  [0m] Started Create Volatile Files and Directories.
[[0;32m  OK  [0m] Started Commit a transient machine-id on disk.
[[0;32m  OK  [0m] Found device /dev/ttyS0.
         Starting Update UTMP about System Boot/Shutdown...
[[0;32m  OK  [0m] Reached target System Time Synchronized.
[[0;32m  OK  [0m] Started Update UTMP about System Boot/Shutdown.
[[0;32m  OK  [0m] Listening on Load/Save RF Kill Switch Status /dev/rfkill Watch.
[   20.335338] cloud-init[448]: Cloud-init v. 17.1 running 'init-local' at Wed, 25 Apr 2018 17:30:55 +0000. Up 19.49 seconds.
[[0;32m  OK  [0m] Started Initial cloud-init job (pre-networking).
[[0;32m  OK  [0m] Reached target Network (Pre).
[[0;32m  OK  [0m] Started LSB: AppArmor initialization.
         Starting Raise network interfaces...
[[0;32m  OK  [0m] Started Set console font and keymap.
[[0;32m  OK  [0m] Created slice system-getty.slice.
[[0;32m  OK  [0m] Started Raise network interfaces.
         Starting Initial cloud-init job (metadata service crawler)...
[[0;32m  OK  [0m] Reached target Network.
[   23.487904] cloud-init[952]: Cloud-init v. 17.1 running 'init' at Wed, 25 Apr 2018 17:30:58 +0000. Up 22.54 seconds.
[[   23.567406] cloud-init[952]: ci-info: +++++++++++++++++++++++++++++++++++++Net device info++++++++++++++++++++++++++++++++++++++
[   23.567834] cloud-init[952]: ci-info: +--------+-------+---------------------------+---------------+-------+-------------------+
[   23.568094] cloud-init[952]: ci-info: | Device |   Up  |          Address          |      Mask     | Scope |     Hw-Address    |
[   23.568484] cloud-init[952]: ci-info: +--------+-------+---------------------------+---------------+-------+-------------------+
[   23.568664] cloud-init[952]: ci-info: | enp0s3 |  True |         10.0.2.15         | 255.255.255.0 |   .   | 02:69:07:7b:a1:bd |
[   23.568867] cloud-init[952]: ci-info: | enp0s3 |  True | fe80::69:7ff:fe7b:a1bd/64 |       .       |  link | 02:69:07:7b:a1:bd |
[   23.569106] cloud-init[952]: ci-info: | enp0s8 | False |             .             |       .       |   .   | 08:00:27:46:fb:32 |
[   23.569308] cloud-init[952]: ci-info: |   lo   |  True |         127.0.0.1         |   255.0.0.0   |   .   |         .         |
[0;32m  OK  [0m] Started Initial cloud-init job (metadata service crawler).
[   23.569525] cloud-init[952]: ci-info: |   lo   |  True |          ::1/128          |       .       |  host |         .         |
[   24.496893] cloud-init[952]: ci-info: +--------+-------+---------------------------+---------------+-------+-------------------+
[   24.497345] cloud-init[952]: ci-info: +++++++++++++++++++++++++++Route IPv4 info++++++++++++++++++++++++++++
[[0;32m  OK  [0m] Reached target System Initialization.
[   24.497601] cloud-init[952]: ci-info: +-------+-------------+----------+---------------+-----------+-------+
[   24.943273] cloud-init[952]: ci-info: | Route | Destination | Gateway  |    Genmask    | Interface | Flags |
[   24.943679] cloud-init[952]: ci-info: +-------+-------------+----------+---------------+-----------+-------+
[[0;32m  OK  [0m] Started Timer to automatically refresh installed snaps.
[   24.943873] cloud-init[952]: ci-info: |   0   |   0.0.0.0   | 10.0.2.2 |    0.0.0.0    |   enp0s3  |   UG  |
[   25.292917] cloud-init[952]: ci-info: |   1   |   10.0.2.0  | 0.0.0.0  | 255.255.255.0 |   enp0s3  |   U   |
[[0;32m  OK  [0m] Listening on UUID daemon activation socket.
[   25.293064] cloud-init[952]: ci-info: +-------+-------------+----------+---------------+-----------+-------+
[   25.605650] cloud-init[952]: Generating public/private rsa key pair.
[[0;32m  OK  [0m] Started Daily Cleanup of Temporary Directories.
[   25.605817] cloud-init[952]: Your identification has been saved in /etc/ssh/ssh_host_rsa_key.
[   25.649997] cloud-init[952]: Your public key has been saved in /etc/ssh/ssh_host_rsa_key.pub.
[   25.650703] cloud-init[952]: The key fingerprint is:
         Starting LXD - unix socket.
[   25.652356] cloud-init[952]: SHA256:bCI2uGbYtPsSBW1RoqvsCjJNqmkl8F7riNiJ/M1bWRE root@ubuntu-xenial
[   25.941271] cloud-init[952]: The key's randomart image is:
[[0;32m  OK  [0m] Started ACPI Events Check.
[   25.942109] cloud-init[952]: +---[RSA 2048]----+
[   26.070420] cloud-init[952]: |   .oo.  E       |
[[0;32m  OK  [0m] Reached target Paths.
[   26.070570] cloud-init[952]: |  ..o.    .      |
[   26.094967] cloud-init[952]: |  .o     .       |
[[0;32m  OK  [0m] Listening on ACPID Listen Socket.
[[   26.095139] cloud-init[952]: |.  o.  .  .      |
[   26.161890] cloud-init[952]: |..=.+ . S.       |
[0;32m  OK  [0m] Listening on D-Bus System Message Bus Socket.
         [   26.162209] Starting Socket activation for snappy daemon.cloud-init
[952]: |.Xo=.o oo        |
[   26.232954] cloud-init[952]: |BoXo . o         |
[   26.233486] cloud-init[952]: |BXo++ .          |
[[0;32m  OK  [0m] Reached target Network is Online.
[   26.233713] cloud-init[952]: |Xo*=o+.          |
[   26.358189] cloud-init[952]: +----[SHA256]-----+
[[0;32m  OK  [0m] Started Daily apt download activities.
[   26.358383] cloud-init[952]: Generating public/private dsa key pair.
[   26.501048] cloud-init[952]: Your identification has been saved in /etc/ssh/ssh_host_dsa_key.
[[0;32m  OK  [0m] Started Daily apt upgrade and clean activities.
[   26.501215] cloud-init[952]: Your public key has been saved in /etc/ssh/ssh_host_dsa_key.pub.
[   26.545249] cloud-init[952]: The key fingerprint is:
[   26.545475] cloud-init[952]: SHA256:u03SuhbUrf1+Vvk6dmj4YzYvhNgAoGULVNeKY5AsMGU root@ubuntu-xenial
[   26.545665] cloud-init[952]: The key's randomart image is:
[   26.545885] cloud-init[952]: +---[DSA 1024]----+
[   26.546123] cloud-init[952]: |ooEooo=...       |
[   26.546575] cloud-init[952]: | o. += o. .      |
[[0;32m  OK  [0m] Reached target Timers.
[   26.546833] cloud-init[952]: |   ..... + .     |
[   26.675064] cloud-init[952]: |      + o o .    |
         [   26.698069] cloud-init[952]: |     . oS  * .  .|
[   26.699345] cloud-init[952]: |        .oo + ...|
Starting iSCSI initiator daemon (iscsid)...
[   26.700806] cloud-init[952]: |        o.o  + .o|
[[   26.722641] cloud-init[952]: |        .*  . % =|
[   26.723251] cloud-init[952]: |       .+..  B+@.|
[0;32m  OK  [0m] Reached target Cloud-config availability.
[   26.723517] cloud-init[952]: +----[SHA256]-----+
[   26.748817] cloud-init[952]: Generating public/private ecdsa key pair.
[   26.749575] cloud-init[952]: Your identification has been saved in /etc/ssh/ssh_host_ecdsa_key.
[[0;32m  OK  [0m] Listening on LXD - unix socket.
[   26.749743] cloud-init[952]: Your public key has been saved in /etc/ssh/ssh_host_ecdsa_key.pub.
[   26.850639] cloud-init[952]: The key fingerprint is:
[[0;32m  OK  [0m] Listening on Socket activation for snappy daemon.
[   26.850880] cloud-init[952]: SHA256:LldzVKDj1gcQdcktH6+x+UPMUYHxDECIXr/3TzMgIik root@ubuntu-xenial
[   26.952433] cloud-init[952]: The key's randomart image is:
[   26.953204] cloud-init[952]: +---[ECDSA 256]---+
[[0;32m  OK  [0m] Started iSCSI initiator daemon (iscsid).
[   26.953481] cloud-init[952]: |        . ==+==+.|
[   27.020358] cloud-init[952]: |       . o o +B.o|
         [   27.035628] Starting Login to default iSCSI targets...cloud-init
[952]: |      . . + o  =+|
[   27.044582] cloud-init[952]: |       ... = ...o|
[   27.044923] cloud-init[952]: |     E oS.=.+.+=.|
[[0;32m  OK  [0m] Reached target Sockets.
[   27.045111] cloud-init[952]: |      ...o.+.o=+ |
[[0;32m  OK  [0m] Reached target Basic System.
[   27.053870] cloud-init[952]: |      . o   . o+.|
[   27.066924] cloud-init[952]: |       o       ++|
[   27.078754] cloud-init[952]: |                +|
[   27.079115] cloud-init[952]: +----[SHA256]-----+
[[0;32m  OK  [0m] Started Deferred execution scheduler.
[   27.079304] cloud-init[952]: Generating public/private ed25519 key pair.
[   27.168405] cloud-init[952]: Your identification has been saved in /etc/ssh/ssh_host_ed25519_key.
         Starting Accounts Service...
[   27.168899] cloud-init[952]: Your public key has been saved in /etc/ssh/ssh_host_ed25519_key.pub.
[   27.252911] cloud-init[952]: The key fingerprint is:
[   27.253174] cloud-init[952]: SHA256:wUVOSfNu3XFMaWL3lg/rkHxh2LflScDBjl7YVMzAe8Q root@ubuntu-xenial
[[0;32m  OK  [0m] Started FUSE filesystem for LXC.
[   27.253368] cloud-init[952]: The key's randomart image is:
[   27.308883] cloud-init[952]: +--[ED25519 256]--+
[   27.309408] cloud-init[952]: |         o*.+oB.o|
[   27.309770] cloud-init[952]: |       . +.o O E |
[   27.310113] cloud-init[952]: |        o . OoB.=|
[   27.311095] cloud-init[952]: |         . +.*==B|
         Starting System Logging Service...
[   27.311592] cloud-init[952]: |        S ..+o+B*|
[   27.385595] cloud-init[952]: |           o+ ooo|
[   27.386021] cloud-init[952]: |             +   |
         Starting /etc/rc.local Compatibility...
[   27.386250] cloud-init[952]: |              .  |
[   27.486288] cloud-init[952]: |                 |
[   27.489369] cloud-init[952]: +----[SHA256]-----+
         Starting Pollinate to seed the pseudo random number generator...
[[0;32m  OK  [0m] Started ACPI event daemon.
[[0;32m  OK  [0m] Started Regular background program processing daemon.
         Starting Login Service...
         Starting LXD - container startup/shutdown...
[[0;32m  OK  [0m] Started D-Bus System Message Bus.
         Starting LSB: MD monitoring daemon...
         Starting LSB: Record successful boot for GRUB...
[[0;32m  OK  [0m] Started Unattended Upgrades Shutdown.
         Starting Snappy daemon...
         Starting Apply the settings specified in cloud-config...
[[0;32m  OK  [0m] Started System Logging Service.
[[0;32m  OK  [0m] Started /etc/rc.local Compatibility.
[[0;32m  OK  [0m] Started LXD - container startup/shutdown.
[[0;32m  OK  [0m] Started Snappy daemon.
[[0;32m  OK  [0m] Started Login to default iSCSI targets.
[[0;32m  OK  [0m] Started Pollinate to seed the pseudo random number generator.
[[0;32m  OK  [0m] Started LSB: MD monitoring daemon.
[[0;32m  OK  [0m] Started LSB: Record successful boot for GRUB.
[[0;32m  OK  [0m] Started Login Service.
         Starting Authenticate and Authorize Users to Run Privileged Tasks...
         Starting OpenBSD Secure Shell server...
[[0;32m  OK  [0m] Reached target Remote File Systems (Pre).
[[0;32m  OK  [0m] Reached target Remote File Systems.
         Starting LSB: Set the CPU Frequency Scaling governor to "ondemand"...
         Starting LSB: VirtualBox Linux Additions...
         Starting LSB: daemon to balance interrupts for SMP systems...
         Starting Permit User Sessions...
         Starting LSB: automatic crash report generation...
[[0;32m  OK  [0m] Started OpenBSD Secure Shell server.
[[0;32m  OK  [0m] Started Permit User Sessions.
[[0;32m  OK  [0m] Started Authenticate and Authorize Users to Run Privileged Tasks.
[[0;32m  OK  [0m] Started Accounts Service.
[[0;32m  OK  [0m] Started LSB: Set the CPU Frequency Scaling governor to "ondemand".
         Starting Hold until boot process finishes up...
         Starting Terminate Plymouth Boot Screen...
[[0;32m  OK  [0m] Started LSB: daemon to balance interrupts for SMP systems.
[[0;32m  OK  [0m] Started LSB: VirtualBox Linux Additions.
[[0;32m  OK  [0m] Started LSB: automatic crash report generation.
[[0;32m  OK  [0m] Started Hold until boot process finishes up.
[[0;32m  OK  [0m] Started Terminate Plymouth Boot Screen.
[[0;32m  OK  [0m] Started Serial Getty on ttyS0.
[[0;32m  OK  [0m] Started Getty on tty1.
[[0;32m  OK  [0m] Reached target Login Prompts.
         Starting Set console scheme...
[[0;32m  OK  [0m] Reached target Multi-User System.
[[0;32m  OK  [0m] Reached target Graphical Interface.
         Starting Update UTMP about System Runlevel Changes...
[[0;32m  OK  [0m] Started Set console scheme.
[[0;32m  OK  [0m] Started Update UTMP about System Runlevel Changes.
[   29.333678] cloud-init[1142]: Generating locales (this might take a while)...
[   30.706117] cloud-init[1142]:   en_US.UTF-8... done
[   30.716238] cloud-init[1142]: Generation complete.
[   31.237620] cloud-init[1142]: Cloud-init v. 17.1 running 'modules:config' at Wed, 25 Apr 2018 17:31:04 +0000. Up 28.96 seconds.
[[0;32m  OK  [0m] Started Apply the settings specified in cloud-config.
         Starting Execute cloud user/final scripts...
ci-info: no authorized ssh keys fingerprints found for user ubuntu.
<14>Apr 25 17:31:08 ec2: 
<14>Apr 25 17:31:08 ec2: #############################################################
<14>Apr 25 17:31:08 ec2: -----BEGIN SSH HOST KEY FINGERPRINTS-----
<14>Apr 25 17:31:08 ec2: 1024 SHA256:u03SuhbUrf1+Vvk6dmj4YzYvhNgAoGULVNeKY5AsMGU root@ubuntu-xenial (DSA)
<14>Apr 25 17:31:08 ec2: 256 SHA256:LldzVKDj1gcQdcktH6+x+UPMUYHxDECIXr/3TzMgIik root@ubuntu-xenial (ECDSA)
<14>Apr 25 17:31:08 ec2: 256 SHA256:wUVOSfNu3XFMaWL3lg/rkHxh2LflScDBjl7YVMzAe8Q root@ubuntu-xenial (ED25519)
<14>Apr 25 17:31:08 ec2: 2048 SHA256:bCI2uGbYtPsSBW1RoqvsCjJNqmkl8F7riNiJ/M1bWRE root@ubuntu-xenial (RSA)
<14>Apr 25 17:31:08 ec2: -----END SSH HOST KEY FINGERPRINTS-----
<14>Apr 25 17:31:08 ec2: #############################################################
-----BEGIN SSH HOST KEY KEYS-----
ecdsa-sha2-nistp256 AAAAE2VjZHNhLXNoYTItbmlzdHAyNTYAAAAIbmlzdHAyNTYAAABBBG1m7zdlczj59Or5PBcEJ8h/BFX7i9M0HLiMbBlRFwtUZI1ZAEGTj4ULPF7HBsRhkpyGms3cibTpwl9DuztCYPg= root@ubuntu-xenial
ssh-ed25519 AAAAC3NzaC1lZDI1NTE5AAAAIIrHQ2CiqtGHP3gXFRnKRuJh0ugXkYp1t0NnVTvdTGfG root@ubuntu-xenial
ssh-rsa AAAAB3NzaC1yc2EAAAADAQABAAABAQDilzaSc4Xf/UHWD9SjBIV5MM/ozXTpyHq0681dCUVxX8XRvdQmuEr0/Ihayn1XlVt/bCPJMBgKc5hD4zeF8tSxysQQwvTmnDYSTW36mo9EP5HV1IJox5AjR18iyMzMVovVhlfbjq1xBkK+Hfb+SHW6Pwn9Xjj8DZcATZrmU+/cWWyT9AldsSRHTDZ5YmYXwSTaH/VLZ6qBu/6G1m+6gEXfToFS5CkJ0oTe2GRuLAFP40ihf08hQL4WbeDrXQ6Dv6NAvCcyGjF4S0mQVRU0G/2u6hoTW7KCdv+lpnNWXhEaJTyqpjGcZc5v2/poIQOVAuTSZHqB7wRTsjP3SCpKO4xH root@ubuntu-xenial
-----END SSH HOST KEY KEYS-----
[   32.728619] cloud-init[1311]: Cloud-init v. 17.1 running 'modules:final' at Wed, 25 Apr 2018 17:31:07 +0000. Up 31.93 seconds.
[   32.746933] cloud-init[1311]: ci-info: no authorized ssh keys fingerprints found for user ubuntu.
[   32.784705] cloud-init[1311]: Cloud-init v. 17.1 finished at Wed, 25 Apr 2018 17:31:08 +0000. Datasource DataSourceNoCloud [seed=/dev/sdb][dsmode=net].  Up 32.70 seconds
[[0;32m  OK  [0m] Started Execute cloud user/final scripts.
[[0;32m  OK  [0m] Reached target Cloud-init target.

Ubuntu 16.04.3 LTS ubuntu-xenial ttyS0

ubuntu-xenial login: 